
> admission-times-frontend@0.0.0 build
> tsc -b && vite build

src/pages/ProgramDetail.tsx(1,10): error TS6133: 'Link' is declared but its value is never read.
src/pages/ProgramDetail.tsx(15,9): error TS6133: 'relatedPrograms' is declared but its value is never read.
src/pages/SignIn.tsx(7,9): error TS6133: 'navigate' is declared but its value is never read.
src/pages/SignUp.tsx(8,9): error TS6133: 'navigate' is declared but its value is never read.
src/pages/student/ComparePage.tsx(161,9): error TS6133: 'handleSave' is declared but its value is never read.
src/pages/student/ComparePage.tsx(165,9): error TS6133: 'handleShare' is declared but its value is never read.
src/pages/student/ComparePage.tsx(174,9): error TS6133: 'handleExport' is declared but its value is never read.
src/services/apiClient.ts(20,1): error TS6133: 'getAuthState' is declared but its value is never read.
src/utils/setupUserContext.ts(42,42): error TS2345: Argument of type 'unknown' is not assignable to parameter of type 'string'.
src/utils/transformers.ts(31,5): error TS2322: Type 'string | null | undefined' is not assignable to type 'string'.
  Type 'undefined' is not assignable to type 'string'.
src/utils/transformers.ts(32,31): error TS2345: Argument of type 'string | null | undefined' is not assignable to parameter of type 'string'.
  Type 'undefined' is not assignable to type 'string'.
src/utils/transformers.ts(33,5): error TS2322: Type 'string | null | undefined' is not assignable to type 'string'.
  Type 'undefined' is not assignable to type 'string'.
src/utils/transformers.ts(34,33): error TS2345: Argument of type 'string | null | undefined' is not assignable to parameter of type 'string'.
  Type 'undefined' is not assignable to type 'string'.
src/utils/transformers.ts(35,25): error TS2345: Argument of type 'number | null | undefined' is not assignable to parameter of type 'number'.
  Type 'undefined' is not assignable to type 'number'.
src/utils/transformers.ts(36,5): error TS2322: Type 'number | null | undefined' is not assignable to type 'number'.
  Type 'undefined' is not assignable to type 'number'.
src/utils/transformers.ts(37,5): error TS2322: Type 'string | null | undefined' is not assignable to type 'string'.
  Type 'undefined' is not assignable to type 'string'.
src/utils/transformers.ts(38,23): error TS2345: Argument of type 'string | null | undefined' is not assignable to parameter of type 'string'.
  Type 'undefined' is not assignable to type 'string'.
src/utils/transformers.ts(40,43): error TS2345: Argument of type 'string | null | undefined' is not assignable to parameter of type 'string'.
  Type 'undefined' is not assignable to type 'string'.
src/utils/transformers.ts(42,43): error TS2345: Argument of type 'string | null | undefined' is not assignable to parameter of type 'string'.
  Type 'undefined' is not assignable to type 'string'.
